// Jest Snapshot v1, https://goo.gl/fbAQLP

exports[`<spider-tooltip> default configuration renders default state 1`] = `
<div
  class="tooltip hidden block-start dark "
>
  <slot
    name="trigger"
  />
  <slot
    name="content"
  />
</div>
`;
